==22294== Memcheck, a memory error detector
==22294== Copyright (C) 2002-2017, and GNU GPL'd, by Julian Seward et al.
==22294== Using Valgrind-3.18.1 and LibVEX; rerun with -h for copyright info
==22294== Command: ./prova_fin
==22294== Parent PID: 22293
==22294== 
==22294== Thread 3:
==22294== Invalid read of size 8
==22294==    at 0x10AADE: render_processes (main.c:116)
==22294==    by 0x10AFED: draw_cmd_window (main.c:227)
==22294==    by 0x4959401: start_thread (pthread_create.c:442)
==22294==    by 0x49E7743: clone (clone.S:100)
==22294==  Address 0x6292248 is 8 bytes inside a block of size 32 free'd
==22294==    at 0x484727F: free (in /usr/libexec/valgrind/vgpreload_memcheck-amd64-linux.so)
==22294==    by 0x10A7AD: PidListfree (main.c:56)
==22294==    by 0x10ACA2: draw_proc_window (main.c:164)
==22294==    by 0x4959401: start_thread (pthread_create.c:442)
==22294==    by 0x49E7743: clone (clone.S:100)
==22294==  Block was alloc'd at
==22294==    at 0x4849A83: calloc (in /usr/libexec/valgrind/vgpreload_memcheck-amd64-linux.so)
==22294==    by 0x10B6DD: getRunningPids (pid_info.c:86)
==22294==    by 0x10AB79: draw_proc_window (main.c:137)
==22294==    by 0x4959401: start_thread (pthread_create.c:442)
==22294==    by 0x49E7743: clone (clone.S:100)
==22294== 
==22294== Invalid read of size 4
==22294==    at 0x10A832: render_processes (main.c:70)
==22294==    by 0x10AFED: draw_cmd_window (main.c:227)
==22294==    by 0x4959401: start_thread (pthread_create.c:442)
==22294==    by 0x49E7743: clone (clone.S:100)
==22294==  Address 0x6292a50 is 16 bytes inside a block of size 32 free'd
==22294==    at 0x484727F: free (in /usr/libexec/valgrind/vgpreload_memcheck-amd64-linux.so)
==22294==    by 0x10A7AD: PidListfree (main.c:56)
==22294==    by 0x10ACA2: draw_proc_window (main.c:164)
==22294==    by 0x4959401: start_thread (pthread_create.c:442)
==22294==    by 0x49E7743: clone (clone.S:100)
==22294==  Block was alloc'd at
==22294==    at 0x4849A83: calloc (in /usr/libexec/valgrind/vgpreload_memcheck-amd64-linux.so)
==22294==    by 0x10B6DD: getRunningPids (pid_info.c:86)
==22294==    by 0x10AB79: draw_proc_window (main.c:137)
==22294==    by 0x4959401: start_thread (pthread_create.c:442)
==22294==    by 0x49E7743: clone (clone.S:100)
==22294== 
==22294== Invalid read of size 4
==22294==    at 0x10A876: render_processes (main.c:77)
==22294==    by 0x10AFED: draw_cmd_window (main.c:227)
==22294==    by 0x4959401: start_thread (pthread_create.c:442)
==22294==    by 0x49E7743: clone (clone.S:100)
==22294==  Address 0x6292a50 is 16 bytes inside a block of size 32 free'd
==22294==    at 0x484727F: free (in /usr/libexec/valgrind/vgpreload_memcheck-amd64-linux.so)
==22294==    by 0x10A7AD: PidListfree (main.c:56)
==22294==    by 0x10ACA2: draw_proc_window (main.c:164)
==22294==    by 0x4959401: start_thread (pthread_create.c:442)
==22294==    by 0x49E7743: clone (clone.S:100)
==22294==  Block was alloc'd at
==22294==    at 0x4849A83: calloc (in /usr/libexec/valgrind/vgpreload_memcheck-amd64-linux.so)
==22294==    by 0x10B6DD: getRunningPids (pid_info.c:86)
==22294==    by 0x10AB79: draw_proc_window (main.c:137)
==22294==    by 0x4959401: start_thread (pthread_create.c:442)
==22294==    by 0x49E7743: clone (clone.S:100)
==22294== 
==22294== Invalid read of size 8
==22294==    at 0x10AADE: render_processes (main.c:116)
==22294==    by 0x10AFB2: draw_cmd_window (main.c:221)
==22294==    by 0x4959401: start_thread (pthread_create.c:442)
==22294==    by 0x49E7743: clone (clone.S:100)
==22294==  Address 0x6093c18 is 8 bytes inside a block of size 32 free'd
==22294==    at 0x484727F: free (in /usr/libexec/valgrind/vgpreload_memcheck-amd64-linux.so)
==22294==    by 0x10A7AD: PidListfree (main.c:56)
==22294==    by 0x10ACA2: draw_proc_window (main.c:164)
==22294==    by 0x4959401: start_thread (pthread_create.c:442)
==22294==    by 0x49E7743: clone (clone.S:100)
==22294==  Block was alloc'd at
==22294==    at 0x4849A83: calloc (in /usr/libexec/valgrind/vgpreload_memcheck-amd64-linux.so)
==22294==    by 0x10B6DD: getRunningPids (pid_info.c:86)
==22294==    by 0x10AB79: draw_proc_window (main.c:137)
==22294==    by 0x4959401: start_thread (pthread_create.c:442)
==22294==    by 0x49E7743: clone (clone.S:100)
==22294== 
==22294== Invalid read of size 4
==22294==    at 0x10A832: render_processes (main.c:70)
==22294==    by 0x10AFB2: draw_cmd_window (main.c:221)
==22294==    by 0x4959401: start_thread (pthread_create.c:442)
==22294==    by 0x49E7743: clone (clone.S:100)
==22294==  Address 0x6096c20 is 16 bytes inside a block of size 32 free'd
==22294==    at 0x484727F: free (in /usr/libexec/valgrind/vgpreload_memcheck-amd64-linux.so)
==22294==    by 0x10A7AD: PidListfree (main.c:56)
==22294==    by 0x10ACA2: draw_proc_window (main.c:164)
==22294==    by 0x4959401: start_thread (pthread_create.c:442)
==22294==    by 0x49E7743: clone (clone.S:100)
==22294==  Block was alloc'd at
==22294==    at 0x4849A83: calloc (in /usr/libexec/valgrind/vgpreload_memcheck-amd64-linux.so)
==22294==    by 0x10B6DD: getRunningPids (pid_info.c:86)
==22294==    by 0x10AB79: draw_proc_window (main.c:137)
==22294==    by 0x4959401: start_thread (pthread_create.c:442)
==22294==    by 0x49E7743: clone (clone.S:100)
==22294== 
==22294== Invalid read of size 4
==22294==    at 0x10A876: render_processes (main.c:77)
==22294==    by 0x10AFB2: draw_cmd_window (main.c:221)
==22294==    by 0x4959401: start_thread (pthread_create.c:442)
==22294==    by 0x49E7743: clone (clone.S:100)
==22294==  Address 0x6096c20 is 16 bytes inside a block of size 32 free'd
==22294==    at 0x484727F: free (in /usr/libexec/valgrind/vgpreload_memcheck-amd64-linux.so)
==22294==    by 0x10A7AD: PidListfree (main.c:56)
==22294==    by 0x10ACA2: draw_proc_window (main.c:164)
==22294==    by 0x4959401: start_thread (pthread_create.c:442)
==22294==    by 0x49E7743: clone (clone.S:100)
==22294==  Block was alloc'd at
==22294==    at 0x4849A83: calloc (in /usr/libexec/valgrind/vgpreload_memcheck-amd64-linux.so)
==22294==    by 0x10B6DD: getRunningPids (pid_info.c:86)
==22294==    by 0x10AB79: draw_proc_window (main.c:137)
==22294==    by 0x4959401: start_thread (pthread_create.c:442)
==22294==    by 0x49E7743: clone (clone.S:100)
==22294== 
==22294== Invalid read of size 4
==22294==    at 0x49437B8: fclose@@GLIBC_2.2.5 (iofclose.c:48)
==22294==    by 0x10C036: getPidStats (pid_stats.c:118)
==22294==    by 0x10B826: intializeProcessStats (pid_info.c:111)
==22294==    by 0x10A868: render_processes (main.c:73)
==22294==    by 0x10AFB2: draw_cmd_window (main.c:221)
==22294==    by 0x4959401: start_thread (pthread_create.c:442)
==22294==    by 0x49E7743: clone (clone.S:100)
==22294==  Address 0x0 is not stack'd, malloc'd or (recently) free'd
==22294== 
==22294== 
==22294== Process terminating with default action of signal 11 (SIGSEGV)
==22294==  Access not within mapped region at address 0x0
==22294==    at 0x49437B8: fclose@@GLIBC_2.2.5 (iofclose.c:48)
==22294==    by 0x10C036: getPidStats (pid_stats.c:118)
==22294==    by 0x10B826: intializeProcessStats (pid_info.c:111)
==22294==    by 0x10A868: render_processes (main.c:73)
==22294==    by 0x10AFB2: draw_cmd_window (main.c:221)
==22294==    by 0x4959401: start_thread (pthread_create.c:442)
==22294==    by 0x49E7743: clone (clone.S:100)
==22294==  If you believe this happened as a result of a stack
==22294==  overflow in your program's main thread (unlikely but
==22294==  possible), you can try to increase the size of the
==22294==  main thread stack using the --main-stacksize= flag.
==22294==  The main thread stack size used in this run was 8388608.
==22294== 
==22294== HEAP SUMMARY:
==22294==     in use at exit: 420,808 bytes in 1,673 blocks
==22294==   total heap usage: 171,652 allocs, 169,979 frees, 124,202,487 bytes allocated
==22294== 
==22294== Thread 1:
==22294== 9 bytes in 1 blocks are possibly lost in loss record 8 of 108
==22294==    at 0x4844899: malloc (in /usr/libexec/valgrind/vgpreload_memcheck-amd64-linux.so)
==22294==    by 0x497043D: strdup (strdup.c:42)
==22294==    by 0x48AAEB4: ??? (in /usr/lib/x86_64-linux-gnu/libtinfo.so.6.3)
==22294==    by 0x48AE1F8: _nc_tiparm (in /usr/lib/x86_64-linux-gnu/libtinfo.so.6.3)
==22294==    by 0x487E2E2: newterm_sp (in /usr/lib/x86_64-linux-gnu/libncurses.so.6.3)
==22294==    by 0x487EB8C: newterm (in /usr/lib/x86_64-linux-gnu/libncurses.so.6.3)
==22294==    by 0x487EC1F: initscr (in /usr/lib/x86_64-linux-gnu/libncurses.so.6.3)
==22294==    by 0x10B26D: main (main.c:284)
==22294== 
==22294== 9 bytes in 1 blocks are possibly lost in loss record 9 of 108
==22294==    at 0x4844899: malloc (in /usr/libexec/valgrind/vgpreload_memcheck-amd64-linux.so)
==22294==    by 0x497043D: strdup (strdup.c:42)
==22294==    by 0x48AAEB4: ??? (in /usr/lib/x86_64-linux-gnu/libtinfo.so.6.3)
==22294==    by 0x48AE1F8: _nc_tiparm (in /usr/lib/x86_64-linux-gnu/libtinfo.so.6.3)
==22294==    by 0x487E53B: newterm_sp (in /usr/lib/x86_64-linux-gnu/libncurses.so.6.3)
==22294==    by 0x487EB8C: newterm (in /usr/lib/x86_64-linux-gnu/libncurses.so.6.3)
==22294==    by 0x487EC1F: initscr (in /usr/lib/x86_64-linux-gnu/libncurses.so.6.3)
==22294==    by 0x10B26D: main (main.c:284)
==22294== 
==22294== 24 bytes in 1 blocks are possibly lost in loss record 30 of 108
==22294==    at 0x4844899: malloc (in /usr/libexec/valgrind/vgpreload_memcheck-amd64-linux.so)
==22294==    by 0x49E13B7: tsearch (tsearch.c:337)
==22294==    by 0x48AAECE: ??? (in /usr/lib/x86_64-linux-gnu/libtinfo.so.6.3)
==22294==    by 0x48AE1F8: _nc_tiparm (in /usr/lib/x86_64-linux-gnu/libtinfo.so.6.3)
==22294==    by 0x487E2E2: newterm_sp (in /usr/lib/x86_64-linux-gnu/libncurses.so.6.3)
==22294==    by 0x487EB8C: newterm (in /usr/lib/x86_64-linux-gnu/libncurses.so.6.3)
==22294==    by 0x487EC1F: initscr (in /usr/lib/x86_64-linux-gnu/libncurses.so.6.3)
==22294==    by 0x10B26D: main (main.c:284)
==22294== 
==22294== 24 bytes in 1 blocks are possibly lost in loss record 31 of 108
==22294==    at 0x4844899: malloc (in /usr/libexec/valgrind/vgpreload_memcheck-amd64-linux.so)
==22294==    by 0x49E13B7: tsearch (tsearch.c:337)
==22294==    by 0x48AAECE: ??? (in /usr/lib/x86_64-linux-gnu/libtinfo.so.6.3)
==22294==    by 0x48AE1F8: _nc_tiparm (in /usr/lib/x86_64-linux-gnu/libtinfo.so.6.3)
==22294==    by 0x487E53B: newterm_sp (in /usr/lib/x86_64-linux-gnu/libncurses.so.6.3)
==22294==    by 0x487EB8C: newterm (in /usr/lib/x86_64-linux-gnu/libncurses.so.6.3)
==22294==    by 0x487EC1F: initscr (in /usr/lib/x86_64-linux-gnu/libncurses.so.6.3)
==22294==    by 0x10B26D: main (main.c:284)
==22294== 
==22294== 24 bytes in 1 blocks are possibly lost in loss record 32 of 108
==22294==    at 0x4844899: malloc (in /usr/libexec/valgrind/vgpreload_memcheck-amd64-linux.so)
==22294==    by 0x49E13B7: tsearch (tsearch.c:337)
==22294==    by 0x48AAECE: ??? (in /usr/lib/x86_64-linux-gnu/libtinfo.so.6.3)
==22294==    by 0x48AE1F8: _nc_tiparm (in /usr/lib/x86_64-linux-gnu/libtinfo.so.6.3)
==22294==    by 0x4877638: ??? (in /usr/lib/x86_64-linux-gnu/libncurses.so.6.3)
==22294==    by 0x487AE7D: ??? (in /usr/lib/x86_64-linux-gnu/libncurses.so.6.3)
==22294==    by 0x488D915: doupdate_sp (in /usr/lib/x86_64-linux-gnu/libncurses.so.6.3)
==22294==    by 0x487EFA7: wrefresh (in /usr/lib/x86_64-linux-gnu/libncurses.so.6.3)
==22294==    by 0x10B3CA: main (main.c:305)
==22294== 
==22294== 24 bytes in 1 blocks are possibly lost in loss record 33 of 108
==22294==    at 0x4844899: malloc (in /usr/libexec/valgrind/vgpreload_memcheck-amd64-linux.so)
==22294==    by 0x49E13B7: tsearch (tsearch.c:337)
==22294==    by 0x48AAECE: ??? (in /usr/lib/x86_64-linux-gnu/libtinfo.so.6.3)
==22294==    by 0x48AE1F8: _nc_tiparm (in /usr/lib/x86_64-linux-gnu/libtinfo.so.6.3)
==22294==    by 0x48775B8: ??? (in /usr/lib/x86_64-linux-gnu/libncurses.so.6.3)
==22294==    by 0x488D915: doupdate_sp (in /usr/lib/x86_64-linux-gnu/libncurses.so.6.3)
==22294==    by 0x487EFA7: wrefresh (in /usr/lib/x86_64-linux-gnu/libncurses.so.6.3)
==22294==    by 0x10B3CA: main (main.c:305)
==22294== 
==22294== 63 bytes in 1 blocks are possibly lost in loss record 38 of 108
==22294==    at 0x4844899: malloc (in /usr/libexec/valgrind/vgpreload_memcheck-amd64-linux.so)
==22294==    by 0x497043D: strdup (strdup.c:42)
==22294==    by 0x48AAEB4: ??? (in /usr/lib/x86_64-linux-gnu/libtinfo.so.6.3)
==22294==    by 0x48AE1F8: _nc_tiparm (in /usr/lib/x86_64-linux-gnu/libtinfo.so.6.3)
==22294==    by 0x4877638: ??? (in /usr/lib/x86_64-linux-gnu/libncurses.so.6.3)
==22294==    by 0x487AE7D: ??? (in /usr/lib/x86_64-linux-gnu/libncurses.so.6.3)
==22294==    by 0x488D915: doupdate_sp (in /usr/lib/x86_64-linux-gnu/libncurses.so.6.3)
==22294==    by 0x487EFA7: wrefresh (in /usr/lib/x86_64-linux-gnu/libncurses.so.6.3)
==22294==    by 0x10B3CA: main (main.c:305)
==22294== 
==22294== 64 bytes in 1 blocks are possibly lost in loss record 40 of 108
==22294==    at 0x4844899: malloc (in /usr/libexec/valgrind/vgpreload_memcheck-amd64-linux.so)
==22294==    by 0x497043D: strdup (strdup.c:42)
==22294==    by 0x48AAEB4: ??? (in /usr/lib/x86_64-linux-gnu/libtinfo.so.6.3)
==22294==    by 0x48AE1F8: _nc_tiparm (in /usr/lib/x86_64-linux-gnu/libtinfo.so.6.3)
==22294==    by 0x48775B8: ??? (in /usr/lib/x86_64-linux-gnu/libncurses.so.6.3)
==22294==    by 0x488D915: doupdate_sp (in /usr/lib/x86_64-linux-gnu/libncurses.so.6.3)
==22294==    by 0x487EFA7: wrefresh (in /usr/lib/x86_64-linux-gnu/libncurses.so.6.3)
==22294==    by 0x10B3CA: main (main.c:305)
==22294== 
==22294== 168 bytes in 1 blocks are possibly lost in loss record 67 of 108
==22294==    at 0x4849A83: calloc (in /usr/libexec/valgrind/vgpreload_memcheck-amd64-linux.so)
==22294==    by 0x48AAE2D: ??? (in /usr/lib/x86_64-linux-gnu/libtinfo.so.6.3)
==22294==    by 0x48AE1F8: _nc_tiparm (in /usr/lib/x86_64-linux-gnu/libtinfo.so.6.3)
==22294==    by 0x487E2E2: newterm_sp (in /usr/lib/x86_64-linux-gnu/libncurses.so.6.3)
==22294==    by 0x487EB8C: newterm (in /usr/lib/x86_64-linux-gnu/libncurses.so.6.3)
==22294==    by 0x487EC1F: initscr (in /usr/lib/x86_64-linux-gnu/libncurses.so.6.3)
==22294==    by 0x10B26D: main (main.c:284)
==22294== 
==22294== 168 bytes in 1 blocks are possibly lost in loss record 68 of 108
==22294==    at 0x4849A83: calloc (in /usr/libexec/valgrind/vgpreload_memcheck-amd64-linux.so)
==22294==    by 0x48AAE2D: ??? (in /usr/lib/x86_64-linux-gnu/libtinfo.so.6.3)
==22294==    by 0x48AE1F8: _nc_tiparm (in /usr/lib/x86_64-linux-gnu/libtinfo.so.6.3)
==22294==    by 0x487E53B: newterm_sp (in /usr/lib/x86_64-linux-gnu/libncurses.so.6.3)
==22294==    by 0x487EB8C: newterm (in /usr/lib/x86_64-linux-gnu/libncurses.so.6.3)
==22294==    by 0x487EC1F: initscr (in /usr/lib/x86_64-linux-gnu/libncurses.so.6.3)
==22294==    by 0x10B26D: main (main.c:284)
==22294== 
==22294== 168 bytes in 1 blocks are possibly lost in loss record 69 of 108
==22294==    at 0x4849A83: calloc (in /usr/libexec/valgrind/vgpreload_memcheck-amd64-linux.so)
==22294==    by 0x48AAE2D: ??? (in /usr/lib/x86_64-linux-gnu/libtinfo.so.6.3)
==22294==    by 0x48AE1F8: _nc_tiparm (in /usr/lib/x86_64-linux-gnu/libtinfo.so.6.3)
==22294==    by 0x4877638: ??? (in /usr/lib/x86_64-linux-gnu/libncurses.so.6.3)
==22294==    by 0x487AE7D: ??? (in /usr/lib/x86_64-linux-gnu/libncurses.so.6.3)
==22294==    by 0x488D915: doupdate_sp (in /usr/lib/x86_64-linux-gnu/libncurses.so.6.3)
==22294==    by 0x487EFA7: wrefresh (in /usr/lib/x86_64-linux-gnu/libncurses.so.6.3)
==22294==    by 0x10B3CA: main (main.c:305)
==22294== 
==22294== 168 bytes in 1 blocks are possibly lost in loss record 70 of 108
==22294==    at 0x4849A83: calloc (in /usr/libexec/valgrind/vgpreload_memcheck-amd64-linux.so)
==22294==    by 0x48AAE2D: ??? (in /usr/lib/x86_64-linux-gnu/libtinfo.so.6.3)
==22294==    by 0x48AE1F8: _nc_tiparm (in /usr/lib/x86_64-linux-gnu/libtinfo.so.6.3)
==22294==    by 0x48775B8: ??? (in /usr/lib/x86_64-linux-gnu/libncurses.so.6.3)
==22294==    by 0x488D915: doupdate_sp (in /usr/lib/x86_64-linux-gnu/libncurses.so.6.3)
==22294==    by 0x487EFA7: wrefresh (in /usr/lib/x86_64-linux-gnu/libncurses.so.6.3)
==22294==    by 0x10B3CA: main (main.c:305)
==22294== 
==22294== 272 bytes in 1 blocks are possibly lost in loss record 73 of 108
==22294==    at 0x4849A83: calloc (in /usr/libexec/valgrind/vgpreload_memcheck-amd64-linux.so)
==22294==    by 0x4012949: calloc (rtld-malloc.h:44)
==22294==    by 0x4012949: allocate_dtv (dl-tls.c:375)
==22294==    by 0x4012949: _dl_allocate_tls (dl-tls.c:634)
==22294==    by 0x4959F99: allocate_stack (allocatestack.c:423)
==22294==    by 0x4959F99: pthread_create@@GLIBC_2.34 (pthread_create.c:650)
==22294==    by 0x10B405: main (main.c:312)
==22294== 
==22294== 272 bytes in 1 blocks are possibly lost in loss record 74 of 108
==22294==    at 0x4849A83: calloc (in /usr/libexec/valgrind/vgpreload_memcheck-amd64-linux.so)
==22294==    by 0x4012949: calloc (rtld-malloc.h:44)
==22294==    by 0x4012949: allocate_dtv (dl-tls.c:375)
==22294==    by 0x4012949: _dl_allocate_tls (dl-tls.c:634)
==22294==    by 0x4959F99: allocate_stack (allocatestack.c:423)
==22294==    by 0x4959F99: pthread_create@@GLIBC_2.34 (pthread_create.c:650)
==22294==    by 0x10B422: main (main.c:313)
==22294== 
==22294== 49,632 bytes in 282 blocks are definitely lost in loss record 106 of 108
==22294==    at 0x4844899: malloc (in /usr/libexec/valgrind/vgpreload_memcheck-amd64-linux.so)
==22294==    by 0x10B845: intializeProcessStats (pid_info.c:118)
==22294==    by 0x10A868: render_processes (main.c:73)
==22294==    by 0x10AC8C: draw_proc_window (main.c:161)
==22294==    by 0x4959401: start_thread (pthread_create.c:442)
==22294==    by 0x49E7743: clone (clone.S:100)
==22294== 
==22294== LEAK SUMMARY:
==22294==    definitely lost: 49,632 bytes in 282 blocks
==22294==    indirectly lost: 0 bytes in 0 blocks
==22294==      possibly lost: 1,457 bytes in 14 blocks
==22294==    still reachable: 369,719 bytes in 1,377 blocks
==22294==         suppressed: 0 bytes in 0 blocks
==22294== Reachable blocks (those to which a pointer was found) are not shown.
==22294== To see them, rerun with: --leak-check=full --show-leak-kinds=all
==22294== 
==22294== ERROR SUMMARY: 543 errors from 22 contexts (suppressed: 0 from 0)
==22294== 
==22294== 1 errors in context 1 of 22:
==22294== Thread 3:
==22294== Invalid read of size 4
==22294==    at 0x49437B8: fclose@@GLIBC_2.2.5 (iofclose.c:48)
==22294==    by 0x10C036: getPidStats (pid_stats.c:118)
==22294==    by 0x10B826: intializeProcessStats (pid_info.c:111)
==22294==    by 0x10A868: render_processes (main.c:73)
==22294==    by 0x10AFB2: draw_cmd_window (main.c:221)
==22294==    by 0x4959401: start_thread (pthread_create.c:442)
==22294==    by 0x49E7743: clone (clone.S:100)
==22294==  Address 0x0 is not stack'd, malloc'd or (recently) free'd
==22294== 
==22294== 
==22294== 36 errors in context 2 of 22:
==22294== Invalid read of size 4
==22294==    at 0x10A876: render_processes (main.c:77)
==22294==    by 0x10AFB2: draw_cmd_window (main.c:221)
==22294==    by 0x4959401: start_thread (pthread_create.c:442)
==22294==    by 0x49E7743: clone (clone.S:100)
==22294==  Address 0x6096c20 is 16 bytes inside a block of size 32 free'd
==22294==    at 0x484727F: free (in /usr/libexec/valgrind/vgpreload_memcheck-amd64-linux.so)
==22294==    by 0x10A7AD: PidListfree (main.c:56)
==22294==    by 0x10ACA2: draw_proc_window (main.c:164)
==22294==    by 0x4959401: start_thread (pthread_create.c:442)
==22294==    by 0x49E7743: clone (clone.S:100)
==22294==  Block was alloc'd at
==22294==    at 0x4849A83: calloc (in /usr/libexec/valgrind/vgpreload_memcheck-amd64-linux.so)
==22294==    by 0x10B6DD: getRunningPids (pid_info.c:86)
==22294==    by 0x10AB79: draw_proc_window (main.c:137)
==22294==    by 0x4959401: start_thread (pthread_create.c:442)
==22294==    by 0x49E7743: clone (clone.S:100)
==22294== 
==22294== 
==22294== 36 errors in context 3 of 22:
==22294== Invalid read of size 4
==22294==    at 0x10A832: render_processes (main.c:70)
==22294==    by 0x10AFB2: draw_cmd_window (main.c:221)
==22294==    by 0x4959401: start_thread (pthread_create.c:442)
==22294==    by 0x49E7743: clone (clone.S:100)
==22294==  Address 0x6096c20 is 16 bytes inside a block of size 32 free'd
==22294==    at 0x484727F: free (in /usr/libexec/valgrind/vgpreload_memcheck-amd64-linux.so)
==22294==    by 0x10A7AD: PidListfree (main.c:56)
==22294==    by 0x10ACA2: draw_proc_window (main.c:164)
==22294==    by 0x4959401: start_thread (pthread_create.c:442)
==22294==    by 0x49E7743: clone (clone.S:100)
==22294==  Block was alloc'd at
==22294==    at 0x4849A83: calloc (in /usr/libexec/valgrind/vgpreload_memcheck-amd64-linux.so)
==22294==    by 0x10B6DD: getRunningPids (pid_info.c:86)
==22294==    by 0x10AB79: draw_proc_window (main.c:137)
==22294==    by 0x4959401: start_thread (pthread_create.c:442)
==22294==    by 0x49E7743: clone (clone.S:100)
==22294== 
==22294== 
==22294== 37 errors in context 4 of 22:
==22294== Invalid read of size 8
==22294==    at 0x10AADE: render_processes (main.c:116)
==22294==    by 0x10AFB2: draw_cmd_window (main.c:221)
==22294==    by 0x4959401: start_thread (pthread_create.c:442)
==22294==    by 0x49E7743: clone (clone.S:100)
==22294==  Address 0x6093c18 is 8 bytes inside a block of size 32 free'd
==22294==    at 0x484727F: free (in /usr/libexec/valgrind/vgpreload_memcheck-amd64-linux.so)
==22294==    by 0x10A7AD: PidListfree (main.c:56)
==22294==    by 0x10ACA2: draw_proc_window (main.c:164)
==22294==    by 0x4959401: start_thread (pthread_create.c:442)
==22294==    by 0x49E7743: clone (clone.S:100)
==22294==  Block was alloc'd at
==22294==    at 0x4849A83: calloc (in /usr/libexec/valgrind/vgpreload_memcheck-amd64-linux.so)
==22294==    by 0x10B6DD: getRunningPids (pid_info.c:86)
==22294==    by 0x10AB79: draw_proc_window (main.c:137)
==22294==    by 0x4959401: start_thread (pthread_create.c:442)
==22294==    by 0x49E7743: clone (clone.S:100)
==22294== 
==22294== 
==22294== 139 errors in context 5 of 22:
==22294== Invalid read of size 4
==22294==    at 0x10A876: render_processes (main.c:77)
==22294==    by 0x10AFED: draw_cmd_window (main.c:227)
==22294==    by 0x4959401: start_thread (pthread_create.c:442)
==22294==    by 0x49E7743: clone (clone.S:100)
==22294==  Address 0x6292a50 is 16 bytes inside a block of size 32 free'd
==22294==    at 0x484727F: free (in /usr/libexec/valgrind/vgpreload_memcheck-amd64-linux.so)
==22294==    by 0x10A7AD: PidListfree (main.c:56)
==22294==    by 0x10ACA2: draw_proc_window (main.c:164)
==22294==    by 0x4959401: start_thread (pthread_create.c:442)
==22294==    by 0x49E7743: clone (clone.S:100)
==22294==  Block was alloc'd at
==22294==    at 0x4849A83: calloc (in /usr/libexec/valgrind/vgpreload_memcheck-amd64-linux.so)
==22294==    by 0x10B6DD: getRunningPids (pid_info.c:86)
==22294==    by 0x10AB79: draw_proc_window (main.c:137)
==22294==    by 0x4959401: start_thread (pthread_create.c:442)
==22294==    by 0x49E7743: clone (clone.S:100)
==22294== 
==22294== 
==22294== 139 errors in context 6 of 22:
==22294== Invalid read of size 4
==22294==    at 0x10A832: render_processes (main.c:70)
==22294==    by 0x10AFED: draw_cmd_window (main.c:227)
==22294==    by 0x4959401: start_thread (pthread_create.c:442)
==22294==    by 0x49E7743: clone (clone.S:100)
==22294==  Address 0x6292a50 is 16 bytes inside a block of size 32 free'd
==22294==    at 0x484727F: free (in /usr/libexec/valgrind/vgpreload_memcheck-amd64-linux.so)
==22294==    by 0x10A7AD: PidListfree (main.c:56)
==22294==    by 0x10ACA2: draw_proc_window (main.c:164)
==22294==    by 0x4959401: start_thread (pthread_create.c:442)
==22294==    by 0x49E7743: clone (clone.S:100)
==22294==  Block was alloc'd at
==22294==    at 0x4849A83: calloc (in /usr/libexec/valgrind/vgpreload_memcheck-amd64-linux.so)
==22294==    by 0x10B6DD: getRunningPids (pid_info.c:86)
==22294==    by 0x10AB79: draw_proc_window (main.c:137)
==22294==    by 0x4959401: start_thread (pthread_create.c:442)
==22294==    by 0x49E7743: clone (clone.S:100)
==22294== 
==22294== 
==22294== 140 errors in context 7 of 22:
==22294== Invalid read of size 8
==22294==    at 0x10AADE: render_processes (main.c:116)
==22294==    by 0x10AFED: draw_cmd_window (main.c:227)
==22294==    by 0x4959401: start_thread (pthread_create.c:442)
==22294==    by 0x49E7743: clone (clone.S:100)
==22294==  Address 0x6292248 is 8 bytes inside a block of size 32 free'd
==22294==    at 0x484727F: free (in /usr/libexec/valgrind/vgpreload_memcheck-amd64-linux.so)
==22294==    by 0x10A7AD: PidListfree (main.c:56)
==22294==    by 0x10ACA2: draw_proc_window (main.c:164)
==22294==    by 0x4959401: start_thread (pthread_create.c:442)
==22294==    by 0x49E7743: clone (clone.S:100)
==22294==  Block was alloc'd at
==22294==    at 0x4849A83: calloc (in /usr/libexec/valgrind/vgpreload_memcheck-amd64-linux.so)
==22294==    by 0x10B6DD: getRunningPids (pid_info.c:86)
==22294==    by 0x10AB79: draw_proc_window (main.c:137)
==22294==    by 0x4959401: start_thread (pthread_create.c:442)
==22294==    by 0x49E7743: clone (clone.S:100)
==22294== 
==22294== ERROR SUMMARY: 543 errors from 22 contexts (suppressed: 0 from 0)
